{

"file_name":"/test_same_file_big_function_against_small.c",

"function_name":"compute_v_sorted",

"line_declaration":76,

"start_number_line":76,

"end_number_line":93

}

