{

"file_name":"/test_same_file_big_function_against_small.c",

"function_name":"main",

"line_declaration":142,

"start_number_line":142,

"end_number_line":170

}

