{

"file_name":"/test_same_file_big_function_against_small.c",

"function_name":"sorted_by_distance_of_median",

"line_declaration":126,

"start_number_line":126,

"end_number_line":140

}

