{

"file_name":"/test_same_file_big_function_against_small.c",

"function_name":"sorted_by_distance_to_median",

"line_declaration":9,

"start_number_line":9,

"end_number_line":71

}

