{

"file_name":"/test_multiple_file_similiar_function/code.c",

"function_name":"sorted_by_distance_to_median",

"line_declaration":8,

"start_number_line":8,

"end_number_line":55

}

