path of the current preprocess: /home/luan/me/arkanjo/arkanjo/tests/e2e/codebase
Finished time: Sat Feb 22 16:17:46 2025

