{

"file_name":"/test_multiple_file_equal_code/code.c",

"function_name":"find_sum",

"line_declaration":23,

"start_number_line":23,

"end_number_line":29

}

