{

"file_name":"/test_multiple_file_big_functions_against_small/big.c",

"function_name":"main",

"line_declaration":54,

"start_number_line":54,

"end_number_line":74

}

