{

"file_name":"/test_multiple_file_shuffled_functions/source.c",

"function_name":"find_sum",

"line_declaration":21,

"start_number_line":21,

"end_number_line":27

}

