{

"file_name":"/test_multiple_file_shuffled_functions/source.c",

"function_name":"find_max",

"line_declaration":11,

"start_number_line":11,

"end_number_line":19

}

