{

"file_name":"/test_multiple_file_shuffled_functions/source.c",

"function_name":"find_min",

"line_declaration":29,

"start_number_line":29,

"end_number_line":37

}

