{

"file_name":"/test_multiple_file_equal_code/source.c",

"function_name":"main",

"line_declaration":39,

"start_number_line":39,

"end_number_line":53

}

