{

"file_name":"/test_multiple_file_shuffled_functions/code.c",

"function_name":"main",

"line_declaration":39,

"start_number_line":39,

"end_number_line":53

}

