{

"file_name":"/test_multiple_file_big_functions_against_small/small.c",

"function_name":"compute_v_sorted",

"line_declaration":5,

"start_number_line":5,

"end_number_line":22

}

