{

"file_name":"/test_multiple_file_big_functions_against_small/small.c",

"function_name":"sorted_by_distance_to_median",

"line_declaration":55,

"start_number_line":55,

"end_number_line":69

}

